// Jest Snapshot v1, https://goo.gl/fbAQLP

exports[`src/components/elements/ErrorBoundary render 1`] = `null`;
