// Jest Snapshot v1, https://goo.gl/fbAQLP

exports[`src/components/elements/SectionLogee render 1`] = `
<div
  className=" "
/>
`;
