// Jest Snapshot v1, https://goo.gl/fbAQLP

exports[`src/components/elements/TrackingStatus render 1`] = `
<div
  className=""
>
  <React.Fragment>
    <img
      src="/assets/ic-done.svg"
    />
    <p>
      Pesanan Selesai
    </p>
  </React.Fragment>
</div>
`;
